AR rising_edge_e rising_edge_a /home/stud/wydlermi/stud/mixsig/gps-evaluator/vhdl/src/rising_edge.vhd sub00/vhpl04 1355487173
EN cnt32_e NULL /home/stud/wydlermi/stud/mixsig/gps-evaluator/vhdl/src/cnt32_e.vhd sub00/vhpl07 1355487176
AR uarttx_e uarttx_a /home/stud/wydlermi/stud/mixsig/gps-evaluator/vhdl/src/uart.vhd sub00/vhpl13 1355487182
EN clkcntsrl_e NULL /home/stud/wydlermi/stud/mixsig/gps-evaluator/vhdl/src/clkcntsrl_e.vhd sub00/vhpl10 1355487179
EN evaluator_e NULL /home/stud/wydlermi/stud/mixsig/gps-evaluator/vhdl/src/evaluator_e.vhd sub00/vhpl11 1355487180
EN tff NULL /home/stud/wydlermi/stud/mixsig/gps-evaluator/vhdl/src/tflipflop.vhd sub00/vhpl01 1355487170
EN rising_edge_e NULL /home/stud/wydlermi/stud/mixsig/gps-evaluator/vhdl/src/rising_edge.vhd sub00/vhpl03 1355487172
EN falling_edge_e NULL /home/stud/wydlermi/stud/mixsig/gps-evaluator/vhdl/src/falling_edge.vhd sub00/vhpl05 1355487174
AR dualclkcnt_e dualclkcnt_a /home/stud/wydlermi/stud/mixsig/gps-evaluator/vhdl/src/dualclkcnt_a.vhd sub00/vhpl16 1355487185
AR zwh_shift64_e zwh_shift64_a /home/stud/wydlermi/stud/mixsig/gps-evaluator/vhdl/src/zwh_shift64_a.vhd sub00/vhpl17 1355487186
AR evaluator_e evaluator_a /home/stud/wydlermi/stud/mixsig/gps-evaluator/vhdl/src/evaluator_a.vhd sub00/vhpl14 1355487183
AR gpsclksrc_e gpsclksrc_a /home/stud/wydlermi/stud/mixsig/gps-evaluator/vhdl/src/gpsclksrc_a.vhd sub00/vhpl19 1355487188
EN gpsclksrc_e NULL /home/stud/wydlermi/stud/mixsig/gps-evaluator/vhdl/src/gpsclksrc_e.vhd sub00/vhpl00 1355487169
AR clkcntsrl_e clkcntsrl_a /home/stud/wydlermi/stud/mixsig/gps-evaluator/vhdl/src/clkcntsrl_a.vhd sub00/vhpl15 1355487184
EN zwh_shift64_e NULL /home/stud/wydlermi/stud/mixsig/gps-evaluator/vhdl/src/zwh_shift64_e.vhd sub00/vhpl08 1355487177
AR cnt32_e cnt32_a /home/stud/wydlermi/stud/mixsig/gps-evaluator/vhdl/src/cnt32_a.vhd sub00/vhpl18 1355487187
AR tff behave /home/stud/wydlermi/stud/mixsig/gps-evaluator/vhdl/src/tflipflop.vhd sub00/vhpl02 1355487171
EN dualclkcnt_e NULL /home/stud/wydlermi/stud/mixsig/gps-evaluator/vhdl/src/dualclkcnt_e.vhd sub00/vhpl09 1355487178
AR falling_edge_e falling_edge_a /home/stud/wydlermi/stud/mixsig/gps-evaluator/vhdl/src/falling_edge.vhd sub00/vhpl06 1355487175
EN uarttx_e NULL /home/stud/wydlermi/stud/mixsig/gps-evaluator/vhdl/src/uart.vhd sub00/vhpl12 1355487181
