AR rising_edge_e rising_edge_a /home/stud/wydlermi/stud/mixsig/gps-evaluator/vhdl/src/rising_edge.vhd sub00/vhpl04 1356086634
EN cnt32_e NULL /home/stud/wydlermi/stud/mixsig/gps-evaluator/vhdl/src/cnt32_e.vhd sub00/vhpl07 1356086637
AR uarttx_e uarttx_a /home/stud/wydlermi/stud/mixsig/gps-evaluator/vhdl/src/uart.vhd sub00/vhpl13 1356086643
EN clkcntsrl_e NULL /home/stud/wydlermi/stud/mixsig/gps-evaluator/vhdl/src/clkcntsrl_e.vhd sub00/vhpl10 1356086640
EN evaluator_e NULL /home/stud/wydlermi/stud/mixsig/gps-evaluator/vhdl/src/evaluator_e.vhd sub00/vhpl11 1356086641
EN tff NULL /home/stud/wydlermi/stud/mixsig/gps-evaluator/vhdl/src/tflipflop.vhd sub00/vhpl01 1356086631
EN rising_edge_e NULL /home/stud/wydlermi/stud/mixsig/gps-evaluator/vhdl/src/rising_edge.vhd sub00/vhpl03 1356086633
EN falling_edge_e NULL /home/stud/wydlermi/stud/mixsig/gps-evaluator/vhdl/src/falling_edge.vhd sub00/vhpl05 1356086635
AR dualclkcnt_e dualclkcnt_a /home/stud/wydlermi/stud/mixsig/gps-evaluator/vhdl/src/dualclkcnt_a.vhd sub00/vhpl16 1356086646
AR zwh_shift64_e zwh_shift64_a /home/stud/wydlermi/stud/mixsig/gps-evaluator/vhdl/src/zwh_shift64_a.vhd sub00/vhpl17 1356086647
AR evaluator_e evaluator_a /home/stud/wydlermi/stud/mixsig/gps-evaluator/vhdl/src/evaluator_a.vhd sub00/vhpl14 1356086644
AR gpsclksrc_e gpsclksrc_a /home/stud/wydlermi/stud/mixsig/gps-evaluator/vhdl/src/gpsclksrc_a.vhd sub00/vhpl19 1356086649
EN gpsclksrc_e NULL /home/stud/wydlermi/stud/mixsig/gps-evaluator/vhdl/src/gpsclksrc_e.vhd sub00/vhpl00 1356086630
AR clkcntsrl_e clkcntsrl_a /home/stud/wydlermi/stud/mixsig/gps-evaluator/vhdl/src/clkcntsrl_a.vhd sub00/vhpl15 1356086645
EN zwh_shift64_e NULL /home/stud/wydlermi/stud/mixsig/gps-evaluator/vhdl/src/zwh_shift64_e.vhd sub00/vhpl08 1356086638
AR cnt32_e cnt32_a /home/stud/wydlermi/stud/mixsig/gps-evaluator/vhdl/src/cnt32_a.vhd sub00/vhpl18 1356086648
AR tff behave /home/stud/wydlermi/stud/mixsig/gps-evaluator/vhdl/src/tflipflop.vhd sub00/vhpl02 1356086632
EN dualclkcnt_e NULL /home/stud/wydlermi/stud/mixsig/gps-evaluator/vhdl/src/dualclkcnt_e.vhd sub00/vhpl09 1356086639
AR falling_edge_e falling_edge_a /home/stud/wydlermi/stud/mixsig/gps-evaluator/vhdl/src/falling_edge.vhd sub00/vhpl06 1356086636
EN uarttx_e NULL /home/stud/wydlermi/stud/mixsig/gps-evaluator/vhdl/src/uart.vhd sub00/vhpl12 1356086642
