AR rising_edge_e rising_edge_a /home/stud/wydlermi/stud/mixsig/gps-evaluator/vhdl/src/rising_edge.vhd sub00/vhpl04 1356092728
EN cnt32_e NULL /home/stud/wydlermi/stud/mixsig/gps-evaluator/vhdl/src/cnt32_e.vhd sub00/vhpl07 1356092731
AR uarttx_e uarttx_a /home/stud/wydlermi/stud/mixsig/gps-evaluator/vhdl/src/uart.vhd sub00/vhpl13 1356092737
EN clkcntsrl_e NULL /home/stud/wydlermi/stud/mixsig/gps-evaluator/vhdl/src/clkcntsrl_e.vhd sub00/vhpl10 1356092734
EN evaluator_e NULL /home/stud/wydlermi/stud/mixsig/gps-evaluator/vhdl/src/evaluator_e.vhd sub00/vhpl11 1356092735
EN tff NULL /home/stud/wydlermi/stud/mixsig/gps-evaluator/vhdl/src/tflipflop.vhd sub00/vhpl01 1356092725
EN rising_edge_e NULL /home/stud/wydlermi/stud/mixsig/gps-evaluator/vhdl/src/rising_edge.vhd sub00/vhpl03 1356092727
EN falling_edge_e NULL /home/stud/wydlermi/stud/mixsig/gps-evaluator/vhdl/src/falling_edge.vhd sub00/vhpl05 1356092729
AR dualclkcnt_e dualclkcnt_a /home/stud/wydlermi/stud/mixsig/gps-evaluator/vhdl/src/dualclkcnt_a.vhd sub00/vhpl16 1356092740
AR zwh_shift64_e zwh_shift64_a /home/stud/wydlermi/stud/mixsig/gps-evaluator/vhdl/src/zwh_shift64_a.vhd sub00/vhpl17 1356092741
AR evaluator_e evaluator_a /home/stud/wydlermi/stud/mixsig/gps-evaluator/vhdl/src/evaluator_a.vhd sub00/vhpl14 1356092738
AR gpsclksrc_e gpsclksrc_a /home/stud/wydlermi/stud/mixsig/gps-evaluator/vhdl/src/gpsclksrc_a.vhd sub00/vhpl19 1356092743
EN gpsclksrc_e NULL /home/stud/wydlermi/stud/mixsig/gps-evaluator/vhdl/src/gpsclksrc_e.vhd sub00/vhpl00 1356092724
AR clkcntsrl_e clkcntsrl_a /home/stud/wydlermi/stud/mixsig/gps-evaluator/vhdl/src/clkcntsrl_a.vhd sub00/vhpl15 1356092739
EN zwh_shift64_e NULL /home/stud/wydlermi/stud/mixsig/gps-evaluator/vhdl/src/zwh_shift64_e.vhd sub00/vhpl08 1356092732
AR cnt32_e cnt32_a /home/stud/wydlermi/stud/mixsig/gps-evaluator/vhdl/src/cnt32_a.vhd sub00/vhpl18 1356092742
AR tff behave /home/stud/wydlermi/stud/mixsig/gps-evaluator/vhdl/src/tflipflop.vhd sub00/vhpl02 1356092726
EN dualclkcnt_e NULL /home/stud/wydlermi/stud/mixsig/gps-evaluator/vhdl/src/dualclkcnt_e.vhd sub00/vhpl09 1356092733
AR falling_edge_e falling_edge_a /home/stud/wydlermi/stud/mixsig/gps-evaluator/vhdl/src/falling_edge.vhd sub00/vhpl06 1356092730
EN uarttx_e NULL /home/stud/wydlermi/stud/mixsig/gps-evaluator/vhdl/src/uart.vhd sub00/vhpl12 1356092736
