V3 45
FL /home/stud/wydlermi/stud/mixsig/gps-evaluator/vhdl/src/clkcntsrl_a.vhd 2012/12/21.11:41:26 M.70d
AR work/clkcntsrl_e/clkcntsrl_a 1356086645 \
      FL /home/stud/wydlermi/stud/mixsig/gps-evaluator/vhdl/src/clkcntsrl_a.vhd \
      EN work/clkcntsrl_e 1356086640 PB ieee/std_logic_1164 1284609568 \
      PB ieee/NUMERIC_STD 1284609569 CP dualclkcnt_e CP zwh_shift64_e \
      CP rising_edge_e CP falling_edge_e
FL /home/stud/wydlermi/stud/mixsig/gps-evaluator/vhdl/src/clkcntsrl_e.vhd 2012/12/21.11:32:41 M.70d
EN work/clkcntsrl_e 1356086640 \
      FL /home/stud/wydlermi/stud/mixsig/gps-evaluator/vhdl/src/clkcntsrl_e.vhd \
      PB ieee/std_logic_1164 1284609568
FL /home/stud/wydlermi/stud/mixsig/gps-evaluator/vhdl/src/cnt32_a.vhd 2012/12/21.10:46:22 M.70d
AR work/cnt32_e/cnt32_a 1356086648 \
      FL /home/stud/wydlermi/stud/mixsig/gps-evaluator/vhdl/src/cnt32_a.vhd \
      EN work/cnt32_e 1356086637 PB ieee/std_logic_1164 1284609568 \
      PB ieee/NUMERIC_STD 1284609569
FL /home/stud/wydlermi/stud/mixsig/gps-evaluator/vhdl/src/cnt32_e.vhd 2012/11/30.10:13:00 M.70d
EN work/cnt32_e 1356086637 \
      FL /home/stud/wydlermi/stud/mixsig/gps-evaluator/vhdl/src/cnt32_e.vhd \
      PB ieee/std_logic_1164 1284609568 PB ieee/NUMERIC_STD 1284609569
FL /home/stud/wydlermi/stud/mixsig/gps-evaluator/vhdl/src/dualclkcnt_a.vhd 2012/12/21.10:20:41 M.70d
AR work/dualclkcnt_e/dualclkcnt_a 1356086646 \
      FL /home/stud/wydlermi/stud/mixsig/gps-evaluator/vhdl/src/dualclkcnt_a.vhd \
      EN work/dualclkcnt_e 1356086639 CP gpsclksrc_e CP cnt32_e
FL /home/stud/wydlermi/stud/mixsig/gps-evaluator/vhdl/src/dualclkcnt_e.vhd 2012/11/30.12:25:02 M.70d
EN work/dualclkcnt_e 1356086639 \
      FL /home/stud/wydlermi/stud/mixsig/gps-evaluator/vhdl/src/dualclkcnt_e.vhd \
      PB ieee/std_logic_1164 1284609568
FL /home/stud/wydlermi/stud/mixsig/gps-evaluator/vhdl/src/evaluator_a.vhd 2012/12/21.11:16:50 M.70d
AR work/evaluator_e/evaluator_a 1356086644 \
      FL /home/stud/wydlermi/stud/mixsig/gps-evaluator/vhdl/src/evaluator_a.vhd \
      EN work/evaluator_e 1356086641 PB ieee/std_logic_1164 1284609568 \
      PB ieee/NUMERIC_STD 1284609569 CP clkcntsrl_e CP uarttx_e
FL /home/stud/wydlermi/stud/mixsig/gps-evaluator/vhdl/src/evaluator_e.vhd 2012/12/07.10:33:01 M.70d
EN work/evaluator_e 1356086641 \
      FL /home/stud/wydlermi/stud/mixsig/gps-evaluator/vhdl/src/evaluator_e.vhd \
      PB ieee/std_logic_1164 1284609568 PB ieee/NUMERIC_STD 1284609569
FL /home/stud/wydlermi/stud/mixsig/gps-evaluator/vhdl/src/falling_edge.vhd 2012/11/30.14:06:11 M.70d
EN work/falling_edge_e 1356086635 \
      FL /home/stud/wydlermi/stud/mixsig/gps-evaluator/vhdl/src/falling_edge.vhd \
      PB ieee/std_logic_1164 1284609568
AR work/falling_edge_e/falling_edge_a 1356086636 \
      FL /home/stud/wydlermi/stud/mixsig/gps-evaluator/vhdl/src/falling_edge.vhd \
      EN work/falling_edge_e 1356086635
FL /home/stud/wydlermi/stud/mixsig/gps-evaluator/vhdl/src/gpsclksrc_a.vhd 2012/12/07.10:42:15 M.70d
AR work/gpsclksrc_e/gpsclksrc_a 1356086649 \
      FL /home/stud/wydlermi/stud/mixsig/gps-evaluator/vhdl/src/gpsclksrc_a.vhd \
      EN work/gpsclksrc_e 1356086630 PB ieee/std_logic_1164 1284609568 \
      PB ieee/NUMERIC_STD 1284609569 CP tff CP rising_edge_e CP falling_edge_e
FL /home/stud/wydlermi/stud/mixsig/gps-evaluator/vhdl/src/gpsclksrc_e.vhd 2012/11/30.11:41:28 M.70d
EN work/gpsclksrc_e 1356086630 \
      FL /home/stud/wydlermi/stud/mixsig/gps-evaluator/vhdl/src/gpsclksrc_e.vhd \
      PB ieee/std_logic_1164 1284609568 PB ieee/NUMERIC_STD 1284609569
FL /home/stud/wydlermi/stud/mixsig/gps-evaluator/vhdl/src/rising_edge.vhd 2012/12/21.10:23:28 M.70d
EN work/rising_edge_e 1356086633 \
      FL /home/stud/wydlermi/stud/mixsig/gps-evaluator/vhdl/src/rising_edge.vhd \
      PB ieee/std_logic_1164 1284609568
AR work/rising_edge_e/rising_edge_a 1356086634 \
      FL /home/stud/wydlermi/stud/mixsig/gps-evaluator/vhdl/src/rising_edge.vhd \
      EN work/rising_edge_e 1356086633
FL /home/stud/wydlermi/stud/mixsig/gps-evaluator/vhdl/src/tflipflop.vhd 2012/11/30.11:42:41 M.70d
EN work/tff 1356086631 \
      FL /home/stud/wydlermi/stud/mixsig/gps-evaluator/vhdl/src/tflipflop.vhd \
      PB ieee/std_logic_1164 1284609568
AR work/tff/behave 1356086632 \
      FL /home/stud/wydlermi/stud/mixsig/gps-evaluator/vhdl/src/tflipflop.vhd \
      EN work/tff 1356086631
FL /home/stud/wydlermi/stud/mixsig/gps-evaluator/vhdl/src/uart.vhd 2012/12/21.10:49:57 M.70d
EN work/uarttx_e 1356086642 \
      FL /home/stud/wydlermi/stud/mixsig/gps-evaluator/vhdl/src/uart.vhd \
      PB ieee/std_logic_1164 1284609568 PB ieee/STD_LOGIC_UNSIGNED 1284609570
AR work/uarttx_e/uarttx_a 1356086643 \
      FL /home/stud/wydlermi/stud/mixsig/gps-evaluator/vhdl/src/uart.vhd \
      EN work/uarttx_e 1356086642
FL /home/stud/wydlermi/stud/mixsig/gps-evaluator/vhdl/src/zwh_shift64_a.vhd 2012/12/21.11:02:06 M.70d
AR work/zwh_shift64_e/zwh_shift64_a 1356086647 \
      FL /home/stud/wydlermi/stud/mixsig/gps-evaluator/vhdl/src/zwh_shift64_a.vhd \
      EN work/zwh_shift64_e 1356086638 PB ieee/std_logic_1164 1284609568 \
      PB ieee/NUMERIC_STD 1284609569 CP rising_edge_e
FL /home/stud/wydlermi/stud/mixsig/gps-evaluator/vhdl/src/zwh_shift64_e.vhd 2012/12/21.10:24:59 M.70d
EN work/zwh_shift64_e 1356086638 \
      FL /home/stud/wydlermi/stud/mixsig/gps-evaluator/vhdl/src/zwh_shift64_e.vhd \
      PB ieee/std_logic_1164 1284609568 PB ieee/NUMERIC_STD 1284609569
