V3 45
FL /home/stud/wydlermi/stud/mixsig/gps-evaluator/vhdl/src/clkcntsrl_a.vhd 2012/12/14.13:12:42 M.70d
AR work/clkcntsrl_e/clkcntsrl_a 1355487184 \
      FL /home/stud/wydlermi/stud/mixsig/gps-evaluator/vhdl/src/clkcntsrl_a.vhd \
      EN work/clkcntsrl_e 1355487179 PB ieee/std_logic_1164 1284609568 \
      PB ieee/NUMERIC_STD 1284609569 CP dualclkcnt_e CP zwh_shift64_e
FL /home/stud/wydlermi/stud/mixsig/gps-evaluator/vhdl/src/clkcntsrl_e.vhd 2012/11/30.13:29:47 M.70d
EN work/clkcntsrl_e 1355487179 \
      FL /home/stud/wydlermi/stud/mixsig/gps-evaluator/vhdl/src/clkcntsrl_e.vhd \
      PB ieee/std_logic_1164 1284609568
FL /home/stud/wydlermi/stud/mixsig/gps-evaluator/vhdl/src/cnt32_a.vhd 2012/11/30.10:17:59 M.70d
AR work/cnt32_e/cnt32_a 1355487187 \
      FL /home/stud/wydlermi/stud/mixsig/gps-evaluator/vhdl/src/cnt32_a.vhd \
      EN work/cnt32_e 1355487176 PB ieee/std_logic_1164 1284609568 \
      PB ieee/NUMERIC_STD 1284609569
FL /home/stud/wydlermi/stud/mixsig/gps-evaluator/vhdl/src/cnt32_e.vhd 2012/11/30.10:13:00 M.70d
EN work/cnt32_e 1355487176 \
      FL /home/stud/wydlermi/stud/mixsig/gps-evaluator/vhdl/src/cnt32_e.vhd \
      PB ieee/std_logic_1164 1284609568 PB ieee/NUMERIC_STD 1284609569
FL /home/stud/wydlermi/stud/mixsig/gps-evaluator/vhdl/src/dualclkcnt_a.vhd 2012/11/30.12:45:05 M.70d
AR work/dualclkcnt_e/dualclkcnt_a 1355487185 \
      FL /home/stud/wydlermi/stud/mixsig/gps-evaluator/vhdl/src/dualclkcnt_a.vhd \
      EN work/dualclkcnt_e 1355487178 CP gpsclksrc_e CP cnt32_e
FL /home/stud/wydlermi/stud/mixsig/gps-evaluator/vhdl/src/dualclkcnt_e.vhd 2012/11/30.12:25:02 M.70d
EN work/dualclkcnt_e 1355487178 \
      FL /home/stud/wydlermi/stud/mixsig/gps-evaluator/vhdl/src/dualclkcnt_e.vhd \
      PB ieee/std_logic_1164 1284609568
FL /home/stud/wydlermi/stud/mixsig/gps-evaluator/vhdl/src/evaluator_a.vhd 2012/12/14.13:00:43 M.70d
AR work/evaluator_e/evaluator_a 1355487183 \
      FL /home/stud/wydlermi/stud/mixsig/gps-evaluator/vhdl/src/evaluator_a.vhd \
      EN work/evaluator_e 1355487180 PB ieee/std_logic_1164 1284609568 \
      PB ieee/NUMERIC_STD 1284609569 CP clkcntsrl_e CP uarttx_e
FL /home/stud/wydlermi/stud/mixsig/gps-evaluator/vhdl/src/evaluator_e.vhd 2012/12/07.10:33:01 M.70d
EN work/evaluator_e 1355487180 \
      FL /home/stud/wydlermi/stud/mixsig/gps-evaluator/vhdl/src/evaluator_e.vhd \
      PB ieee/std_logic_1164 1284609568 PB ieee/NUMERIC_STD 1284609569
FL /home/stud/wydlermi/stud/mixsig/gps-evaluator/vhdl/src/falling_edge.vhd 2012/11/30.14:06:11 M.70d
EN work/falling_edge_e 1355487174 \
      FL /home/stud/wydlermi/stud/mixsig/gps-evaluator/vhdl/src/falling_edge.vhd \
      PB ieee/std_logic_1164 1284609568
AR work/falling_edge_e/falling_edge_a 1355487175 \
      FL /home/stud/wydlermi/stud/mixsig/gps-evaluator/vhdl/src/falling_edge.vhd \
      EN work/falling_edge_e 1355487174
FL /home/stud/wydlermi/stud/mixsig/gps-evaluator/vhdl/src/gpsclksrc_a.vhd 2012/12/07.10:42:15 M.70d
AR work/gpsclksrc_e/gpsclksrc_a 1355487188 \
      FL /home/stud/wydlermi/stud/mixsig/gps-evaluator/vhdl/src/gpsclksrc_a.vhd \
      EN work/gpsclksrc_e 1355487169 PB ieee/std_logic_1164 1284609568 \
      PB ieee/NUMERIC_STD 1284609569 CP tff CP rising_edge_e CP falling_edge_e
FL /home/stud/wydlermi/stud/mixsig/gps-evaluator/vhdl/src/gpsclksrc_e.vhd 2012/11/30.11:41:28 M.70d
EN work/gpsclksrc_e 1355487169 \
      FL /home/stud/wydlermi/stud/mixsig/gps-evaluator/vhdl/src/gpsclksrc_e.vhd \
      PB ieee/std_logic_1164 1284609568 PB ieee/NUMERIC_STD 1284609569
FL /home/stud/wydlermi/stud/mixsig/gps-evaluator/vhdl/src/rising_edge.vhd 2012/11/30.13:57:11 M.70d
EN work/rising_edge_e 1355487172 \
      FL /home/stud/wydlermi/stud/mixsig/gps-evaluator/vhdl/src/rising_edge.vhd \
      PB ieee/std_logic_1164 1284609568
AR work/rising_edge_e/rising_edge_a 1355487173 \
      FL /home/stud/wydlermi/stud/mixsig/gps-evaluator/vhdl/src/rising_edge.vhd \
      EN work/rising_edge_e 1355487172
FL /home/stud/wydlermi/stud/mixsig/gps-evaluator/vhdl/src/tflipflop.vhd 2012/11/30.11:42:41 M.70d
EN work/tff 1355487170 \
      FL /home/stud/wydlermi/stud/mixsig/gps-evaluator/vhdl/src/tflipflop.vhd \
      PB ieee/std_logic_1164 1284609568
AR work/tff/behave 1355487171 \
      FL /home/stud/wydlermi/stud/mixsig/gps-evaluator/vhdl/src/tflipflop.vhd \
      EN work/tff 1355487170
FL /home/stud/wydlermi/stud/mixsig/gps-evaluator/vhdl/src/uart.vhd 2012/12/14.11:58:42 M.70d
EN work/uarttx_e 1355487181 \
      FL /home/stud/wydlermi/stud/mixsig/gps-evaluator/vhdl/src/uart.vhd \
      PB ieee/std_logic_1164 1284609568 PB ieee/STD_LOGIC_UNSIGNED 1284609570
AR work/uarttx_e/uarttx_a 1355487182 \
      FL /home/stud/wydlermi/stud/mixsig/gps-evaluator/vhdl/src/uart.vhd \
      EN work/uarttx_e 1355487181
FL /home/stud/wydlermi/stud/mixsig/gps-evaluator/vhdl/src/zwh_shift64_a.vhd 2012/11/30.13:03:55 M.70d
AR work/zwh_shift64_e/zwh_shift64_a 1355487186 \
      FL /home/stud/wydlermi/stud/mixsig/gps-evaluator/vhdl/src/zwh_shift64_a.vhd \
      EN work/zwh_shift64_e 1355487177 PB ieee/std_logic_1164 1284609568 \
      PB ieee/NUMERIC_STD 1284609569
FL /home/stud/wydlermi/stud/mixsig/gps-evaluator/vhdl/src/zwh_shift64_e.vhd 2012/11/30.13:03:23 M.70d
EN work/zwh_shift64_e 1355487177 \
      FL /home/stud/wydlermi/stud/mixsig/gps-evaluator/vhdl/src/zwh_shift64_e.vhd \
      PB ieee/std_logic_1164 1284609568 PB ieee/NUMERIC_STD 1284609569
